// Jest Snapshot v1, https://goo.gl/fbAQLP

exports[`card component should render a card component 1`] = `
<div>
  <section
    class="card svelte-1rpicr4"
    data-testid="card"
  >
    <div
      class="svelte-1rpicr4"
    >
      <div
        class="header svelte-1rpicr4"
      >
        <div
          class="titles svelte-1rpicr4"
        >
          <a
            class="svelte-1rpicr4"
            target="_top"
          >
            <h1
              class="title svelte-1rpicr4"
            >
              LABEL
            </h1>
          </a>
           
          <span
            class="subtitle svelte-1rpicr4"
          >
            SCHEMA LABEL
          </span>
        </div>
         
        <div
          class="assignees svelte-61hcvm"
          title=""
        />
      </div>
       
      <footer
        class="footer svelte-1rpicr4"
      >
        Last changed
      
        01/01/2020 12:00 AM
      </footer>
    </div>
  </section>
</div>
`;
