// Jest Snapshot v1, https://goo.gl/fbAQLP

exports[`card component should render a card component 1`] = `
<div>
  <section
    class="card svelte-109tt0a"
    data-testid="card"
  >
    <a
      class="svelte-109tt0a"
      target="_top"
    >
      <h1
        class="title svelte-109tt0a"
      >
        LABEL
      </h1>
    </a>
     
    <div
      class="svelte-109tt0a"
    >
      <span
        class="subtitle svelte-109tt0a"
      >
        SCHEMA LABEL
      </span>
       
      <div
        class="assignees svelte-61hcvm"
        title=""
      />
       
      <footer
        class="footer svelte-109tt0a"
      >
        Last changed
      
        01/01/2020 12:00 AM
      </footer>
    </div>
  </section>
</div>
`;
