// Jest Snapshot v1, https://goo.gl/fbAQLP

exports[`columns component should render a columns component 1`] = `
<div>
  <div
    class="grid svelte-1m4vmnb"
    style="grid-template-columns: 1fr;"
  >
    <div
      class="col svelte-1m4vmnb"
    >
      <div
        class="chip BLUE svelte-1yjwfb7"
        style="background-color: RED;"
      >
        <div
          class="truncate svelte-atm87y"
          title="STATUS_LABEL"
        >
          STATUS_LABEL
        </div>
      </div>
       
      <div
        class="counts-and-actions svelte-1m4vmnb"
      >
        <div
          class="count svelte-1aviz9u"
        >
          <span
            class="bold svelte-1aviz9u"
          >
            0
          </span>
          
  content item
          s
           
           
          (from last 7 days)
        </div>
      </div>
       
      <div
        aria-describedby="dnd-zone-active"
        aria-disabled="false"
        class="content-item-wrap svelte-1m4vmnb"
        role="list"
        tabindex="0"
      />
       
    </div>
  </div>
</div>
`;
