// Jest Snapshot v1, https://goo.gl/fbAQLP

exports[`loader component should render a loader component 1`] = `
<div>
  <div
    class="spinner-container svelte-1rhu03n"
  >
    <div
      class="spinner dot-0 svelte-1rhu03n"
    />
    <div
      class="spinner dot-1 svelte-1rhu03n"
    />
    <div
      class="spinner dot-2 svelte-1rhu03n"
    />
  </div>
</div>
`;
